
 ⛅️ wrangler 4.146.0
────────────────────
✨ Compiled Worker successfully
Your Worker has access to the following bindings:
Binding                                                                   Resource                  Mode
env.CF_PAGES ("1")                                                        Environment Variable      local
env.CF_PAGES_BRANCH ("main")                                              Environment Variable      local
env.CF_PAGES_COMMIT_SHA ("e9ceceaebdf8b0c00aee90085db42146037cb...")      Environment Variable      local
env.CF_PAGES_URL ("https://e9cecea.yt2course.pages.dev")                  Environment Variable      local

[31m✘ [41;31m[[41;97mERROR[41;31m][0m [1m*** Fatal uncaught kj::Exception: rust/cxx/kj-rs-io/ffi.rs:197: failed: bind(): Address already in use (os error 98)[0m


stack: /home/agentuser/.npm/_npx/32026684e21afda6/node_modules/@cloudflare/workerd-linux-64/bin/workerd@22a3d7b /home/agentuser/.npm/_npx/32026684e21afda6/node_modules/@cloudflare/workerd-linux-64/bin/workerd@21af80b /home/agentuser/.npm/_npx/32026684e21afda6/node_modules/@cloudflare/workerd-linux-64/bin/workerd@5abb81e /home/agentuser/.npm/_npx/32026684e21afda6/node_modules/@cloudflare/workerd-linux-64/bin/workerd@5abb5fe /home/agentuser/.npm/_npx/32026684e21afda6/node_modules/@cloudflare/workerd-linux-64/bin/workerd@21adca6 /home/agentuser/.npm/_npx/32026684e21afda6/node_modules/@cloudflare/workerd-linux-64/bin/workerd@5a2a4cd /home/agentuser/.npm/_npx/32026684e21afda6/node_modules/@cloudflare/workerd-linux-64/bin/workerd@2151d90 /home/agentuser/.npm/_npx/32026684e21afda6/node_modules/@cloudflare/workerd-linux-64/bin/workerd@2154d18 /home/agentuser/.npm/_npx/32026684e21afda6/node_modules/@cloudflare/workerd-linux-64/bin/workerd@213b0f2 /home/agentuser/.npm/_npx/32026684e21afda6/node_modules/@cloudflare/workerd-linux-64/bin/workerd@213b108 /home/agentuser/.npm/_npx/32026684e21afda6/node_modules/@cloudflare/wo[wrangler:info] POST /api/course 500 Internal Server Error (33ms)
[wrangler:info] GET /api/search 200 OK (1243ms)
ux-64/bin/workerd@213b154 /lib/x86_64-linux-gnu/libc.so.6@2a1c9 /lib/x86_64-linux-gnu/libc.so.6@2a28a /home/agentuser/.npm/_npx/32026684e21afda6/node_modules/@cloudflare/workerd-linux-64/bin/workerd@213b024

[31m✘ [41;31m[[41;97mERROR[41;31m][0m [1mThe Workers runtime failed to start. There was likely a problem with the workerd binary or your configuration.[0m

  Runtime stderr:
  *** Fatal uncaught kj::Exception: rust/cxx/kj-rs-io/ffi.rs:197: failed: bind(): Address already in use (os error 98)
  stack: /home/agentuser/.npm/_npx/32026684e21afda6/node_modules/@cloudflare/workerd-linux-64/bin/workerd@22a3d7b /home/agentuser/.npm/_npx/32026684e21afda6/node_modules/@cloudflare/workerd-linux-64/bin/workerd@21af80b /home/agentuser/.npm/_npx/32026684e21afda6/node_modules/@cloudflare/workerd-linux-64/bin/workerd@5abb81e /home/agentuser/.npm/_npx/32026684e21afda6/node_modules/@cloudflare/workerd-linux-64/bin/workerd@5abb5fe /home/agentuser/.npm/_npx/32026684e21afda6/node_modules/@cloudflare/workerd-linux-64/bin/workerd@21adca6 /home/agentuser/.npm/_npx/32026684e21afda6/node_modules/@cloudflare/workerd-linux-64/bin/workerd@5a2a4cd /home/agentuser/.npm/_npx/32026684e21afda6/node_modules/@cloudflare/workerd-linux-64/bin/workerd@2151d90 /home/agentuser/.npm/_npx/32026684e21afda6/node_modules/@cloudflare/workerd-linux-64/bin/workerd@2154d18 /home/agentuser/.npm/_npx/32026684e21afda6/node_modules/@cloudflare/workerd-linux-64/bin/workerd@213b0f2 /home/agentuser/.npm/_npx/32026684e21afda6/node_modules/@cloudflare/workerd-linux-64/bin/workerd@213b108 /home/agentuser/.npm/_npx/32026684e21afda6/node_modules/@cloudflare/workerd-linux-64/bin/workerd@5b02586 /home/agentuser/.npm/_npx/32026684e21afda6/node_modules/@cloudflare/workerd-linux-64/bin/workerd@213b154 /lib/x86_64-linux-gnu/libc.so.6@2a1c9 /lib/x86_64-linux-gnu/libc.so.6@2a28a /home/agentuser/.npm/_npx/32026684e21afda6/node_modules/@cloudflare/workerd-linux-64/bin/workerd@213b024


[32mIf you think this is a bug then please create an issue at https://github.com/cloudflare/workers-sdk/issues/new/choose[0m
⎔ Starting local server...
🪵  Logs were written to "/home/agentuser/.config/.wrangler/logs/wrangler-2026-10-02_02-02-03_934.log"
